1
0
-1
0
12
1
0
2
42
-1
3
3
0
12
42
1
8888
127
2
3
0
1
