fatal error: UB: Tree Borrows: deallocating strongly protected allocation
