fatal error: UB: Tree Borrows: a protected pointer with Frozen permission becomes Disabled
