fatal error: UB: Tree Borrows: a protected pointer with Active permission becomes Disabled
