fatal error: UB: Tree Borrows: a protected pointer with Reserved permission becomes Disabled
