fatal error: UB: Tree Borrows: writing to the local of a protected pointer with Conflicted Reserved permission
