fatal error: UB: Tree Borrows: child read of a pointer with Disabled permission
