fatal error: UB: Tree Borrows: writing to the child of a protected pointer with Conflicted Reserved permission
