fatal error: UB: Tree Borrows: a protected pointer with Unique permission becomes Disabled
