fatal error: UB: invalid pointer for vtable lookup
