error: UB: division by zero

error: aborting due to 1 previous error

