fatal error: UB: dereferencing pointer to dead allocation
