fatal error: UB: dereferencing pointer without provenance
