fatal error: UB: dereferencing pointer outside the bounds of its allocation
