fatal error: UB: PtrOffsetFrom: negative result with `nonneg` flag set
