fatal error: UB: non-zero remainder in exact division
