error: UB: memory accessed after deallocation

error: aborting due to 1 previous error

