fatal error: UB: `Assume` intrinsic called on condition that is violated
