UB: loading from a place based on a misaligned pointer
