fatal error: UB: Value::Ptr: invalid vtable in metadata
