fatal error: UB: Tree Borrows: writing to the child of a pointer with Frozen permission
