fatal error: UB: Tree Borrows: reading from the child of a pointer with Disabled permission
