fatal error: UB: Tree Borrows: non-zero-sized reborrow of a pointer without provenance
